00+00+0=00,0
00+00+1=01,0
00+29+0=29,0
00+29+1=30,0
00+58+0=58,0
00+58+1=59,0
00+87+0=87,0
00+87+1=88,0
00+16+0=16,0
00+16+1=17,0
00+45+0=45,0
00+45+1=46,0
00+74+0=74,0
00+74+1=75,0
00+03+0=03,0
00+03+1=04,0
00+32+0=32,0
00+32+1=33,0
00+61+0=61,0
00+61+1=62,0
00+90+0=90,0
00+90+1=91,0
00+19+0=19,0
00+19+1=20,0
00+48+0=48,0
00+48+1=49,0
00+77+0=77,0
00+77+1=78,0
00+06+0=06,0
00+06+1=07,0
00+35+0=35,0
00+35+1=36,0
17+00+0=17,0
17+00+1=18,0
17+29+0=46,0
17+29+1=47,0
17+58+0=75,0
17+58+1=76,0
17+87+0=04,1
17+87+1=05,1
17+16+0=33,0
17+16+1=34,0
17+45+0=62,0
17+45+1=63,0
17+74+0=91,0
17+74+1=92,0
17+03+0=20,0
17+03+1=21,0
17+32+0=49,0
17+32+1=50,0
17+61+0=78,0
17+61+1=79,0
17+90+0=07,1
17+90+1=08,1
17+19+0=36,0
17+19+1=37,0
17+48+0=65,0
17+48+1=66,0
17+77+0=94,0
17+77+1=95,0
17+06+0=23,0
17+06+1=24,0
17+35+0=52,0
17+35+1=53,0
34+00+0=34,0
34+00+1=35,0
34+29+0=63,0
34+29+1=64,0
34+58+0=92,0
34+58+1=93,0
34+87+0=21,1
34+87+1=22,1
34+16+0=50,0
34+16+1=51,0
34+45+0=79,0
34+45+1=80,0
34+74+0=08,1
34+74+1=09,1
34+03+0=37,0
34+03+1=38,0
34+32+0=66,0
34+32+1=67,0
34+61+0=95,0
34+61+1=96,0
34+90+0=24,1
34+90+1=25,1
34+19+0=53,0
34+19+1=54,0
34+48+0=82,0
34+48+1=83,0
34+77+0=11,1
34+77+1=12,1
34+06+0=40,0
34+06+1=41,0
34+35+0=69,0
34+35+1=70,0
51+00+0=51,0
51+00+1=52,0
51+29+0=80,0
51+29+1=81,0
51+58+0=09,1
51+58+1=10,1
51+87+0=38,1
51+87+1=39,1
51+16+0=67,0
51+16+1=68,0
51+45+0=96,0
51+45+1=97,0
51+74+0=25,1
51+74+1=26,1
51+03+0=54,0
51+03+1=55,0
51+32+0=83,0
51+32+1=84,0
51+61+0=12,1
51+61+1=13,1
51+90+0=41,1
51+90+1=42,1
51+19+0=70,0
51+19+1=71,0
51+48+0=99,0
51+48+1=00,1
51+77+0=28,1
51+77+1=29,1
51+06+0=57,0
51+06+1=58,0
51+35+0=86,0
51+35+1=87,0
68+00+0=68,0
68+00+1=69,0
68+29+0=97,0
68+29+1=98,0
68+58+0=26,1
68+58+1=27,1
68+87+0=55,1
68+87+1=56,1
68+16+0=84,0
68+16+1=85,0
68+45+0=13,1
68+45+1=14,1
68+74+0=42,1
68+74+1=43,1
68+03+0=71,0
68+03+1=72,0
68+32+0=00,1
68+32+1=01,1
68+61+0=29,1
68+61+1=30,1
68+90+0=58,1
68+90+1=59,1
68+19+0=87,0
68+19+1=88,0
68+48+0=16,1
68+48+1=17,1
68+77+0=45,1
68+77+1=46,1
68+06+0=74,0
68+06+1=75,0
68+35+0=03,1
68+35+1=04,1
85+00+0=85,0
85+00+1=86,0
85+29+0=14,1
85+29+1=15,1
85+58+0=43,1
85+58+1=44,1
85+87+0=72,1
85+87+1=73,1
85+16+0=01,1
85+16+1=02,1
85+45+0=30,1
85+45+1=31,1
85+74+0=59,1
85+74+1=60,1
85+03+0=88,0
85+03+1=89,0
85+32+0=17,1
85+32+1=18,1
85+61+0=46,1
85+61+1=47,1
85+90+0=75,1
85+90+1=76,1
85+19+0=04,1
85+19+1=05,1
85+48+0=33,1
85+48+1=34,1
85+77+0=62,1
85+77+1=63,1
85+06+0=91,0
85+06+1=92,0
85+35+0=20,1
85+35+1=21,1
02+00+0=02,0
02+00+1=03,0
02+29+0=31,0
02+29+1=32,0
02+58+0=60,0
02+58+1=61,0
02+87+0=89,0
02+87+1=90,0
02+16+0=18,0
02+16+1=19,0
02+45+0=47,0
02+45+1=48,0
02+74+0=76,0
02+74+1=77,0
02+03+0=05,0
02+03+1=06,0
02+32+0=34,0
02+32+1=35,0
02+61+0=63,0
02+61+1=64,0
02+90+0=92,0
02+90+1=93,0
02+19+0=21,0
02+19+1=22,0
02+48+0=50,0
02+48+1=51,0
02+77+0=79,0
02+77+1=80,0
02+06+0=08,0
02+06+1=09,0
02+35+0=37,0
02+35+1=38,0
19+00+0=19,0
19+00+1=20,0
19+29+0=48,0
19+29+1=49,0
19+58+0=77,0
19+58+1=78,0
19+87+0=06,1
19+87+1=07,1
19+16+0=35,0
19+16+1=36,0
19+45+0=64,0
19+45+1=65,0
19+74+0=93,0
19+74+1=94,0
19+03+0=22,0
19+03+1=23,0
19+32+0=51,0
19+32+1=52,0
19+61+0=80,0
19+61+1=81,0
19+90+0=09,1
19+90+1=10,1
19+19+0=38,0
19+19+1=39,0
19+48+0=67,0
19+48+1=68,0
19+77+0=96,0
19+77+1=97,0
19+06+0=25,0
19+06+1=26,0
19+35+0=54,0
19+35+1=55,0
36+00+0=36,0
36+00+1=37,0
36+29+0=65,0
36+29+1=66,0
36+58+0=94,0
36+58+1=95,0
36+87+0=23,1
36+87+1=24,1
36+16+0=52,0
36+16+1=53,0
36+45+0=81,0
36+45+1=82,0
36+74+0=10,1
36+74+1=11,1
36+03+0=39,0
36+03+1=40,0
36+32+0=68,0
36+32+1=69,0
36+61+0=97,0
36+61+1=98,0
36+90+0=26,1
36+90+1=27,1
36+19+0=55,0
36+19+1=56,0
36+48+0=84,0
36+48+1=85,0
36+77+0=13,1
36+77+1=14,1
36+06+0=42,0
36+06+1=43,0
36+35+0=71,0
36+35+1=72,0
53+00+0=53,0
53+00+1=54,0
53+29+0=82,0
53+29+1=83,0
53+58+0=11,1
53+58+1=12,1
53+87+0=40,1
53+87+1=41,1
53+16+0=69,0
53+16+1=70,0
53+45+0=98,0
53+45+1=99,0
53+74+0=27,1
53+74+1=28,1
53+03+0=56,0
53+03+1=57,0
53+32+0=85,0
53+32+1=86,0
53+61+0=14,1
53+61+1=15,1
53+90+0=43,1
53+90+1=44,1
53+19+0=72,0
53+19+1=73,0
53+48+0=01,1
53+48+1=02,1
53+77+0=30,1
53+77+1=31,1
53+06+0=59,0
53+06+1=60,0
53+35+0=88,0
53+35+1=89,0
70+00+0=70,0
70+00+1=71,0
70+29+0=99,0
70+29+1=00,1
70+58+0=28,1
70+58+1=29,1
70+87+0=57,1
70+87+1=58,1
70+16+0=86,0
70+16+1=87,0
70+45+0=15,1
70+45+1=16,1
70+74+0=44,1
70+74+1=45,1
70+03+0=73,0
70+03+1=74,0
70+32+0=02,1
70+32+1=03,1
70+61+0=31,1
70+61+1=32,1
70+90+0=60,1
70+90+1=61,1
70+19+0=89,0
70+19+1=90,0
70+48+0=18,1
70+48+1=19,1
70+77+0=47,1
70+77+1=48,1
70+06+0=76,0
70+06+1=77,0
70+35+0=05,1
70+35+1=06,1
87+00+0=87,0
87+00+1=88,0
87+29+0=16,1
87+29+1=17,1
87+58+0=45,1
87+58+1=46,1
87+87+0=74,1
87+87+1=75,1
87+16+0=03,1
87+16+1=04,1
87+45+0=32,1
87+45+1=33,1
87+74+0=61,1
87+74+1=62,1
87+03+0=90,0
87+03+1=91,0
87+32+0=19,1
87+32+1=20,1
87+61+0=48,1
87+61+1=49,1
87+90+0=77,1
87+90+1=78,1
87+19+0=06,1
87+19+1=07,1
87+48+0=35,1
87+48+1=36,1
87+77+0=64,1
87+77+1=65,1
87+06+0=93,0
87+06+1=94,0
87+35+0=22,1
87+35+1=23,1
04+00+0=04,0
04+00+1=05,0
04+29+0=33,0
04+29+1=34,0
04+58+0=62,0
04+58+1=63,0
04+87+0=91,0
04+87+1=92,0
04+16+0=20,0
04+16+1=21,0
04+45+0=49,0
04+45+1=50,0
04+74+0=78,0
04+74+1=79,0
04+03+0=07,0
04+03+1=08,0
04+32+0=36,0
04+32+1=37,0
04+61+0=65,0
04+61+1=66,0
04+90+0=94,0
04+90+1=95,0
04+19+0=23,0
04+19+1=24,0
04+48+0=52,0
04+48+1=53,0
04+77+0=81,0
04+77+1=82,0
04+06+0=10,0
04+06+1=11,0
04+35+0=39,0
04+35+1=40,0
21+00+0=21,0
21+00+1=22,0
21+29+0=50,0
21+29+1=51,0
21+58+0=79,0
21+58+1=80,0
21+87+0=08,1
21+87+1=09,1
21+16+0=37,0
21+16+1=38,0
21+45+0=66,0
21+45+1=67,0
21+74+0=95,0
21+74+1=96,0
21+03+0=24,0
21+03+1=25,0
21+32+0=53,0
21+32+1=54,0
21+61+0=82,0
21+61+1=83,0
21+90+0=11,1
21+90+1=12,1
21+19+0=40,0
21+19+1=41,0
21+48+0=69,0
21+48+1=70,0
21+77+0=98,0
21+77+1=99,0
21+06+0=27,0
21+06+1=28,0
21+35+0=56,0
21+35+1=57,0
38+00+0=38,0
38+00+1=39,0
38+29+0=67,0
38+29+1=68,0
38+58+0=96,0
38+58+1=97,0
38+87+0=25,1
38+87+1=26,1
38+16+0=54,0
38+16+1=55,0
38+45+0=83,0
38+45+1=84,0
38+74+0=12,1
38+74+1=13,1
38+03+0=41,0
38+03+1=42,0
38+32+0=70,0
38+32+1=71,0
38+61+0=99,0
38+61+1=00,1
38+90+0=28,1
38+90+1=29,1
38+19+0=57,0
38+19+1=58,0
38+48+0=86,0
38+48+1=87,0
38+77+0=15,1
38+77+1=16,1
38+06+0=44,0
38+06+1=45,0
38+35+0=73,0
38+35+1=74,0
55+00+0=55,0
55+00+1=56,0
55+29+0=84,0
55+29+1=85,0
55+58+0=13,1
55+58+1=14,1
55+87+0=42,1
55+87+1=43,1
55+16+0=71,0
55+16+1=72,0
55+45+0=00,1
55+45+1=01,1
55+74+0=29,1
55+74+1=30,1
55+03+0=58,0
55+03+1=59,0
55+32+0=87,0
55+32+1=88,0
55+61+0=16,1
55+61+1=17,1
55+90+0=45,1
55+90+1=46,1
55+19+0=74,0
55+19+1=75,0
55+48+0=03,1
55+48+1=04,1
55+77+0=32,1
55+77+1=33,1
55+06+0=61,0
55+06+1=62,0
55+35+0=90,0
55+35+1=91,0
